8 个错误
